WARNING:root:this is a warning message
ERROR:root:this is a error message
CRITICAL:root:this is a critical message
